
> build
> vite build

cmd : [31mfailed to load config from D:\code\full-stack\KITUNGA\react\vite.config.ts[39m
Au caractère Ligne:2 : 1
+ cmd /c npm run build > build-output.txt 2>&1
+ ~~~~~~~~~~~~~~~~~~~~~~~~~~~~~~~~~~~~~~~~~~~~
    + CategoryInfo          : NotSpecified: ([31mfailed to ....config.ts[39m:String) [], RemoteException
    + FullyQualifiedErrorId : NativeCommandError
 
[31merror during build:
Error: spawn EPERM
    at ChildProcess.spawn (node:internal/child_process:421:11)
    at Object.spawn (node:child_process:796:9)
    at ensureServiceIsRunning (D:\code\full-stack\KITUNGA\react\node_modules\esbuild\lib\main.js:1978:29)
    at build (D:\code\full-stack\KITUNGA\react\node_modules\esbuild\lib\main.js:1876:26)
    at bundleConfigFile 
(file:///D:/code/full-stack/KITUNGA/react/node_modules/vite/dist/node/chunks/config.js:35808:23)
    at bundleAndLoadConfigFile 
(file:///D:/code/full-stack/KITUNGA/react/node_modules/vite/dist/node/chunks/config.js:35795:24)
    at loadConfigFromFile 
(file:///D:/code/full-stack/KITUNGA/react/node_modules/vite/dist/node/chunks/config.js:35764:179)
    at resolveConfig (file:///D:/code/full-stack/KITUNGA/react/node_modules/vite/dist/node/chunks/config.js:35413:28)
    at resolveConfigToBuild 
(file:///D:/code/full-stack/KITUNGA/react/node_modules/vite/dist/node/chunks/config.js:33443:9)
    at createBuilder 
(file:///D:/code/full-stack/KITUNGA/react/node_modules/vite/dist/node/chunks/config.js:33875:25)[39m
